~ZGWX[EFGXVZY]GA\ATXWAVZ\FPQAPF@GTQ[E\AV\\RWY\Fd\CSX@ACW[P\TA[FT\[[W@APAAPRWAW@\AXZVP@TASTGV\P@FP@e@Z\\]W[Q@PG[A\PV[@^YTTVYZPZGF\FdG\FC@PFTU\AF\FYZ@PX\[YZ@PXC\DPG@TBZGFT|[[Z\YSV\\\TXTGG\A[[@@A@@XX\v^TFATBAP\AFTV[A\FZQ\ZAD@TQY\FZGSA]GDGP[FEWGQZ[GW\S[]FA@TEP@\\VPBAZA][XP\TP]FtY[D@SX_ZY^\FXTU[T\[YZ@PXV@@F@AY]WZ@A\A|@[QPUPAF@AV\B\APY[AfPVSW@R[TA[G[V@ATY[D@WAQZX_ZQ]_TFATF@GB\FSPGR\SA\\F[WRPFP^P\TP[VG[F@A[[W]@AD@SXd@[FDGPWRPAATAGGAGGX_T@@\FD@[F^@VF@F8???eWYYW[AWFDGP]Q\]G[F@AWSS[V\F@GTVPFFFWXEWGPRWFASF_TYWF@SQTYTQ@F{SXD\ASP_TAF\FPGSA{T_@^AG[VPAQ]YZ@\VYSV@AYSZGWPAVZ_XZVZfPVPUPA[\P]ATE[P[{G[VAP^Y@AQG\VZ_XZVZWAAPXP@@^YT_VZ@EP@EZTGWAGSCWY\FvZ[WVFG\AA\C@PPFFCWYBYTQPGSADPFF\WGY@_|@Y^TX[\P]APXPUPFFTFC\FTPEZ@ATF\FT_PASW@R[TAC\FTPAZ@AZ@vZ[WVD@YB@ASAPD@[F[EFGX[[_TAF\Fe@TPAP[FW^T[V\AP@G\A@FTVFZ^Y\Q\AGQ\\sP[WT[XT^PFGTQSPG\F_ZQQ\QA@_t@FQPC@\A[[F\W\PP[V@XA[[V[Q@\ADPY[AC@\AGYYSXV]GEWGX@FFZtY[D@SXSVC@T_\\AP@Q@_^TZ@PPFTGR@WTQ]G[SGPFP_sP[WT[XZ^PFF\PCPAA\P@YGX\\WZF[ASXPFE^TVWGTF|TXAG[FA[D@WPUPAPMTVXZ^Y\Av@\AYGVAGF\EA@X[Z\C]Y@FETFY]WZ@A\A\PDGPATE[P[STQ\Y[F\ADGTXC]Y@FETFR@TC[QTT[FP_PAGFSV_TR\TfPVF]YY[V\F@Q[[FPXB@FG@FG@_888?wA\SXSAFPY^@FFPV[G[VZG\TGWW[WP\Q@_Z@[T@PA\ATXWAWGZA{[SAS[AWQ[R[[FF[X^TVGFD\CWGGSC]Y@FETFc@\AD@W\\TGR@WF]QT^PFE]GAF\A]G_TFATDPYV][CSYY[F_\tP\PT\FWXEWGATE[P[YT]GPWAAP_E@AXS@G[FSBPY^P[FPFC@PPG]FqZ\PVZG\TGWXSM\_@FSTGV\P@Fv@TFPST\V[A@@EGYC[[T@F]YY[V\F@Q[[f@AEP\Q\AFPEZFP[F\|[FPRWG_TYWF@SQTYTQ\[[TDPY[ASAAPXBPGxSPVW[TACWYFPY^@F\QAZ@AZ@V][FWVAWA@@E]GAF\A]GAPQD@[F\@Y^T